warning: Git tree '/home/james/nix' is dirty
these 5 derivations will be built:
  /nix/store/smsd9vg5vn09r360gcs6zjcabgx51ywi-waybar-style.css.drv
  /nix/store/ym8mf0w4wqzx779ynp622h2fzxihyj07-waybar-config.json.drv
  /nix/store/0y150vglf02xdm4b57hwvibbr8xgzw7q-home-manager-files.drv
  /nix/store/j39g7qrfmsflfyv7kk647qv2g7k0wpax-activation-script.drv
  /nix/store/9xr73mng8nbfn2l297hci456rnqkcdv5-home-manager-generation.drv
building '/nix/store/smsd9vg5vn09r360gcs6zjcabgx51ywi-waybar-style.css.drv'...
building '/nix/store/ym8mf0w4wqzx779ynp622h2fzxihyj07-waybar-config.json.drv'...
building '/nix/store/j39g7qrfmsflfyv7kk647qv2g7k0wpax-activation-script.drv'...
building '/nix/store/0y150vglf02xdm4b57hwvibbr8xgzw7q-home-manager-files.drv'...
building '/nix/store/9xr73mng8nbfn2l297hci456rnqkcdv5-home-manager-generation.drv'...
Starting Home Manager activation
Activating checkFilesChanged
Activating checkLinkTargets
Activating writeBoundary
Creating new profile generation
Activating linkGeneration
Cleaning up orphan links from /home/james
Creating home file links in /home/james
Activating batCache
No syntaxes were found in '/home/james/.config/bat/syntaxes', using the default set.
Writing theme set to /home/james/.cache/bat/themes.bin ... okay
Writing syntax set to /home/james/.cache/bat/syntaxes.bin ... okay
Writing metadata to folder /home/james/.cache/bat ... okay
Activating installPackages
replacing old 'home-manager-path'
installing 'home-manager-path'
Activating onFilesChange
Activating reloadSystemd
warning: Git tree '/home/james/nix' is dirty

There are 236 unread and relevant news items.
Read them by running the command "home-manager news".

