nixos-rebuild: warning: --use-remote-sudo is deprecated, use --sudo instead
warning: Git tree '/home/james/nix' is dirty
building the system configuration...
warning: Git tree '/home/james/nix' is dirty
these 13 derivations will be built:
  /nix/store/kq2bh5kgnwlzkn128ys7m9mmdm8b45k2-dirs-26bfd-pbgoj-conf-pre-secrets.json.drv
  /nix/store/ngg32jyjwalx2p7al0760nj5kx77q3b7-dirs-jwvcx-y7w2m-conf-pre-secrets.json.drv
  /nix/store/rnbcqxk0g6f02mc8p13643k10fdy6yjd-dirs-9j26s-pweyy-conf-pre-secrets.json.drv
  /nix/store/zlh43miylfh0arczlrx25wa9916sac9i-dirs-vjhql-ghx7b-conf-pre-secrets.json.drv
  /nix/store/jw7c5ybkfnj88yvw2in06hb0jl8h51d8-merge-syncthing-config.drv
  /nix/store/66vx24la721idc3ay6hfbjaifg221pi4-merge-syncthing-config.drv
  /nix/store/6a3zcbx3n50g4zrlbyc60vzjfp0rrbhr-unit-syncthing-init.service.drv
  /nix/store/p28752ahpg0zkcm0yji0z7p86dxb6b8y-syncthing-copy-keys.drv
  /nix/store/jb04xg204snbpjbsgvq9mw6ifgypxskq-syncthing-copy-keys.drv
  /nix/store/h3djy1w2dm9jv74dbxgqljamhlji23d2-unit-syncthing.service.drv
  /nix/store/wvxpsfwi6c0gzd2l8vhkr91kyyw0bxfh-system-units.drv
  /nix/store/qr5x893iwb4qi3v3nkflnzv6y0ffb9al-etc.drv
  /nix/store/hkj1rkm8ssr4vxbm7hqjdnvl17gx52ll-nixos-system-framework-25.11.20250630.3016b4b.drv
building '/nix/store/p28752ahpg0zkcm0yji0z7p86dxb6b8y-syncthing-copy-keys.drv'...
building '/nix/store/kq2bh5kgnwlzkn128ys7m9mmdm8b45k2-dirs-26bfd-pbgoj-conf-pre-secrets.json.drv'...
building '/nix/store/rnbcqxk0g6f02mc8p13643k10fdy6yjd-dirs-9j26s-pweyy-conf-pre-secrets.json.drv'...
building '/nix/store/ngg32jyjwalx2p7al0760nj5kx77q3b7-dirs-jwvcx-y7w2m-conf-pre-secrets.json.drv'...
building '/nix/store/zlh43miylfh0arczlrx25wa9916sac9i-dirs-vjhql-ghx7b-conf-pre-secrets.json.drv'...
building '/nix/store/jb04xg204snbpjbsgvq9mw6ifgypxskq-syncthing-copy-keys.drv'...
building '/nix/store/jw7c5ybkfnj88yvw2in06hb0jl8h51d8-merge-syncthing-config.drv'...
building '/nix/store/h3djy1w2dm9jv74dbxgqljamhlji23d2-unit-syncthing.service.drv'...
building '/nix/store/66vx24la721idc3ay6hfbjaifg221pi4-merge-syncthing-config.drv'...
building '/nix/store/6a3zcbx3n50g4zrlbyc60vzjfp0rrbhr-unit-syncthing-init.service.drv'...
building '/nix/store/wvxpsfwi6c0gzd2l8vhkr91kyyw0bxfh-system-units.drv'...
building '/nix/store/qr5x893iwb4qi3v3nkflnzv6y0ffb9al-etc.drv'...
building '/nix/store/hkj1rkm8ssr4vxbm7hqjdnvl17gx52ll-nixos-system-framework-25.11.20250630.3016b4b.drv'...
updating GRUB 2 menu...
stopping the following units: syncthing-init.service, syncthing.service
activating the configuration...
setting up /etc...
reloading user units for james...
restarting sysinit-reactivation.target
starting the following units: syncthing-init.service, syncthing.service
the following new units were started: NetworkManager-dispatcher.service
Done. The new configuration is /nix/store/wgzbx2qm95d1yrmxq4jd1rldqd6xv8kk-nixos-system-framework-25.11.20250630.3016b4b
